// Jest Snapshot v1, https://goo.gl/fbAQLP

exports[`renders learn react link 1`] = `
Object {
  "asFragment": [Function],
  "baseElement": <body>
    <div>
      <a
        class="col-lg-4 col-md-6 col-sm-6 col-12 mb-4 position-relative text-dark"
        href="/character/1"
        style="text-decoration: none;"
      >
        <div
          class="card d-flex flex-column justify-content-center"
        >
          <img
            alt=""
            class="img img-fluid"
            src="https://rickandmortyapi.com/api/character/avatar/1.jpeg"
          />
          <div
            class="content"
          >
            <div
              class="contentHeading"
            >
              <h4
                class="characterName"
              >
                Rick Sanchez
              </h4>
              <div
                class="text-success"
              >
                Alive
              </div>
            </div>
            <p
              class="characterSpecies"
            >
              Human
            </p>
            <div
              class=""
            >
              <div
                class="text-small"
              >
                Last known location:
              </div>
              <div
                class="lead"
              >
                Citadel of Ricks
              </div>
            </div>
          </div>
        </div>
      </a>
    </div>
  </body>,
  "container": <div>
    <a
      class="col-lg-4 col-md-6 col-sm-6 col-12 mb-4 position-relative text-dark"
      href="/character/1"
      style="text-decoration: none;"
    >
      <div
        class="card d-flex flex-column justify-content-center"
      >
        <img
          alt=""
          class="img img-fluid"
          src="https://rickandmortyapi.com/api/character/avatar/1.jpeg"
        />
        <div
          class="content"
        >
          <div
            class="contentHeading"
          >
            <h4
              class="characterName"
            >
              Rick Sanchez
            </h4>
            <div
              class="text-success"
            >
              Alive
            </div>
          </div>
          <p
            class="characterSpecies"
          >
            Human
          </p>
          <div
            class=""
          >
            <div
              class="text-small"
            >
              Last known location:
            </div>
            <div
              class="lead"
            >
              Citadel of Ricks
            </div>
          </div>
        </div>
      </div>
    </a>
  </div>,
  "debug": [Function],
  "findAllByAltText": [Function],
  "findAllByDisplayValue": [Function],
  "findAllByLabelText": [Function],
  "findAllByPlaceholderText": [Function],
  "findAllByRole": [Function],
  "findAllByTestId": [Function],
  "findAllByText": [Function],
  "findAllByTitle": [Function],
  "findByAltText": [Function],
  "findByDisplayValue": [Function],
  "findByLabelText": [Function],
  "findByPlaceholderText": [Function],
  "findByRole": [Function],
  "findByTestId": [Function],
  "findByText": [Function],
  "findByTitle": [Function],
  "getAllByAltText": [Function],
  "getAllByDisplayValue": [Function],
  "getAllByLabelText": [Function],
  "getAllByPlaceholderText": [Function],
  "getAllByRole": [Function],
  "getAllByTestId": [Function],
  "getAllByText": [Function],
  "getAllByTitle": [Function],
  "getByAltText": [Function],
  "getByDisplayValue": [Function],
  "getByLabelText": [Function],
  "getByPlaceholderText": [Function],
  "getByRole": [Function],
  "getByTestId": [Function],
  "getByText": [Function],
  "getByTitle": [Function],
  "queryAllByAltText": [Function],
  "queryAllByDisplayValue": [Function],
  "queryAllByLabelText": [Function],
  "queryAllByPlaceholderText": [Function],
  "queryAllByRole": [Function],
  "queryAllByTestId": [Function],
  "queryAllByText": [Function],
  "queryAllByTitle": [Function],
  "queryByAltText": [Function],
  "queryByDisplayValue": [Function],
  "queryByLabelText": [Function],
  "queryByPlaceholderText": [Function],
  "queryByRole": [Function],
  "queryByTestId": [Function],
  "queryByText": [Function],
  "queryByTitle": [Function],
  "rerender": [Function],
  "unmount": [Function],
}
`;

exports[`renders lists of characters 1`] = `
Object {
  "asFragment": [Function],
  "baseElement": <body>
    <div>
      <a
        class="col-lg-4 col-md-6 col-sm-6 col-12 mb-4 position-relative text-dark"
        href="/character/1"
        style="text-decoration: none;"
      >
        <div
          class="card d-flex flex-column justify-content-center"
        >
          <img
            alt=""
            class="img img-fluid"
            src="https://rickandmortyapi.com/api/character/avatar/1.jpeg"
          />
          <div
            class="content"
          >
            <div
              class="contentHeading"
            >
              <h4
                class="characterName"
              >
                Rick Sanchez
              </h4>
              <div
                class="text-success"
              >
                Alive
              </div>
            </div>
            <p
              class="characterSpecies"
            >
              Human
            </p>
            <div
              class=""
            >
              <div
                class="text-small"
              >
                Last known location:
              </div>
              <div
                class="lead"
              >
                Citadel of Ricks
              </div>
            </div>
          </div>
        </div>
      </a>
    </div>
  </body>,
  "container": <div>
    <a
      class="col-lg-4 col-md-6 col-sm-6 col-12 mb-4 position-relative text-dark"
      href="/character/1"
      style="text-decoration: none;"
    >
      <div
        class="card d-flex flex-column justify-content-center"
      >
        <img
          alt=""
          class="img img-fluid"
          src="https://rickandmortyapi.com/api/character/avatar/1.jpeg"
        />
        <div
          class="content"
        >
          <div
            class="contentHeading"
          >
            <h4
              class="characterName"
            >
              Rick Sanchez
            </h4>
            <div
              class="text-success"
            >
              Alive
            </div>
          </div>
          <p
            class="characterSpecies"
          >
            Human
          </p>
          <div
            class=""
          >
            <div
              class="text-small"
            >
              Last known location:
            </div>
            <div
              class="lead"
            >
              Citadel of Ricks
            </div>
          </div>
        </div>
      </div>
    </a>
  </div>,
  "debug": [Function],
  "findAllByAltText": [Function],
  "findAllByDisplayValue": [Function],
  "findAllByLabelText": [Function],
  "findAllByPlaceholderText": [Function],
  "findAllByRole": [Function],
  "findAllByTestId": [Function],
  "findAllByText": [Function],
  "findAllByTitle": [Function],
  "findByAltText": [Function],
  "findByDisplayValue": [Function],
  "findByLabelText": [Function],
  "findByPlaceholderText": [Function],
  "findByRole": [Function],
  "findByTestId": [Function],
  "findByText": [Function],
  "findByTitle": [Function],
  "getAllByAltText": [Function],
  "getAllByDisplayValue": [Function],
  "getAllByLabelText": [Function],
  "getAllByPlaceholderText": [Function],
  "getAllByRole": [Function],
  "getAllByTestId": [Function],
  "getAllByText": [Function],
  "getAllByTitle": [Function],
  "getByAltText": [Function],
  "getByDisplayValue": [Function],
  "getByLabelText": [Function],
  "getByPlaceholderText": [Function],
  "getByRole": [Function],
  "getByTestId": [Function],
  "getByText": [Function],
  "getByTitle": [Function],
  "queryAllByAltText": [Function],
  "queryAllByDisplayValue": [Function],
  "queryAllByLabelText": [Function],
  "queryAllByPlaceholderText": [Function],
  "queryAllByRole": [Function],
  "queryAllByTestId": [Function],
  "queryAllByText": [Function],
  "queryAllByTitle": [Function],
  "queryByAltText": [Function],
  "queryByDisplayValue": [Function],
  "queryByLabelText": [Function],
  "queryByPlaceholderText": [Function],
  "queryByRole": [Function],
  "queryByTestId": [Function],
  "queryByText": [Function],
  "queryByTitle": [Function],
  "rerender": [Function],
  "unmount": [Function],
}
`;
