// Jest Snapshot v1, https://goo.gl/fbAQLP

exports[`renders filter button with all props 1`] = `
Object {
  "asFragment": [Function],
  "baseElement": <body>
    <div>
      <style>
        
          .x:checked + label {
            background-color: #0b5ed7;
            color: white;
          }
          input[type="radio"] {
            display: none;
          }
        
      </style>
      <div
        class="form-check"
      >
        <input
          class="form-check-input x"
          id="Rick Sanchez-1"
          name="Rick Sanchez"
          type="radio"
        />
        <label
          class="filterBtn"
          for="Rick Sanchez-1"
        />
      </div>
    </div>
  </body>,
  "container": <div>
    <style>
      
          .x:checked + label {
            background-color: #0b5ed7;
            color: white;
          }
          input[type="radio"] {
            display: none;
          }
        
    </style>
    <div
      class="form-check"
    >
      <input
        class="form-check-input x"
        id="Rick Sanchez-1"
        name="Rick Sanchez"
        type="radio"
      />
      <label
        class="filterBtn"
        for="Rick Sanchez-1"
      />
    </div>
  </div>,
  "debug": [Function],
  "findAllByAltText": [Function],
  "findAllByDisplayValue": [Function],
  "findAllByLabelText": [Function],
  "findAllByPlaceholderText": [Function],
  "findAllByRole": [Function],
  "findAllByTestId": [Function],
  "findAllByText": [Function],
  "findAllByTitle": [Function],
  "findByAltText": [Function],
  "findByDisplayValue": [Function],
  "findByLabelText": [Function],
  "findByPlaceholderText": [Function],
  "findByRole": [Function],
  "findByTestId": [Function],
  "findByText": [Function],
  "findByTitle": [Function],
  "getAllByAltText": [Function],
  "getAllByDisplayValue": [Function],
  "getAllByLabelText": [Function],
  "getAllByPlaceholderText": [Function],
  "getAllByRole": [Function],
  "getAllByTestId": [Function],
  "getAllByText": [Function],
  "getAllByTitle": [Function],
  "getByAltText": [Function],
  "getByDisplayValue": [Function],
  "getByLabelText": [Function],
  "getByPlaceholderText": [Function],
  "getByRole": [Function],
  "getByTestId": [Function],
  "getByText": [Function],
  "getByTitle": [Function],
  "queryAllByAltText": [Function],
  "queryAllByDisplayValue": [Function],
  "queryAllByLabelText": [Function],
  "queryAllByPlaceholderText": [Function],
  "queryAllByRole": [Function],
  "queryAllByTestId": [Function],
  "queryAllByText": [Function],
  "queryAllByTitle": [Function],
  "queryByAltText": [Function],
  "queryByDisplayValue": [Function],
  "queryByLabelText": [Function],
  "queryByPlaceholderText": [Function],
  "queryByRole": [Function],
  "queryByTestId": [Function],
  "queryByText": [Function],
  "queryByTitle": [Function],
  "rerender": [Function],
  "unmount": [Function],
}
`;
